---
source: crates/ship-code/src/engine.rs
expression: result.format()
---
ERROR (edit): Edit failed on 'lib.rs': line numbers are 1-indexed, got start=0
Hint: line numbers are 1-indexed. The file has 7 lines.

0 remaining op(s) were not executed due to the error above.

[snapshot: 0 | shadow commits: 0]
